Copyright 1986-2020 Xilinx, Inc. All Rights Reserved.
---------------------------------------------------------------------------------------------------------------------------------
| Tool Version : Vivado v.2020.1 (win64) Build 2902540 Wed May 27 19:54:49 MDT 2020
| Date         : Tue Apr  7 10:00:24 2026
| Host         : DESKTOP-98T9PFJ running 64-bit major release  (build 9200)
| Command      : report_drc -file system_wrapper_drc_opted.rpt -pb system_wrapper_drc_opted.pb -rpx system_wrapper_drc_opted.rpx
| Design       : system_wrapper
| Device       : xc7a35tcpg236-1
| Speed File   : -1
| Design State : Synthesized
---------------------------------------------------------------------------------------------------------------------------------

Report DRC

Table of Contents
-----------------
1. REPORT SUMMARY
2. REPORT DETAILS

1. REPORT SUMMARY
-----------------
            Netlist: netlist
          Floorplan: design_1
      Design limits: <entire design considered>
           Ruledeck: default
             Max violations: <unlimited>
             Violations found: 9
+----------+----------+-----------------------+------------+
| Rule     | Severity | Description           | Violations |
+----------+----------+-----------------------+------------+
| IOSR-1   | Warning  | IOB set reset sharing | 8          |
| REQP-181 | Advisory | writefirst            | 1          |
+----------+----------+-----------------------+------------+

2. REPORT DETAILS
-----------------
IOSR-1#1 Warning
IOB set reset sharing  
IO inputs_0[10] connects to flops which have these system_i/analyzer_clump_0/inst/ablock2/spi/miso_value[7]_i_1__1_n_0,
system_i/analyzer_clump_0/inst/ablock2/cnt/SR[0] set/reset signals.  For optimal IOB flop packing there should be only one set/reset signal coming into the IOB.
Related violations: <none>

IOSR-1#2 Warning
IOB set reset sharing  
IO inputs_0[13] connects to flops which have these system_i/analyzer_clump_0/inst/ablock3/spi/miso_value[7]_i_1__2_n_0,
system_i/analyzer_clump_0/inst/ablock2/cnt/SR[0] set/reset signals.  For optimal IOB flop packing there should be only one set/reset signal coming into the IOB.
Related violations: <none>

IOSR-1#3 Warning
IOB set reset sharing  
IO inputs_0[14] connects to flops which have these system_i/analyzer_clump_0/inst/ablock3/spi/miso_value[7]_i_1__2_n_0,
system_i/analyzer_clump_0/inst/ablock2/cnt/SR[0] set/reset signals.  For optimal IOB flop packing there should be only one set/reset signal coming into the IOB.
Related violations: <none>

IOSR-1#4 Warning
IOB set reset sharing  
IO inputs_0[1] connects to flops which have these system_i/analyzer_clump_0/inst/ablock0/spi/miso_value[7]_i_1_n_0,
system_i/analyzer_clump_0/inst/ablock2/cnt/SR[0] set/reset signals.  For optimal IOB flop packing there should be only one set/reset signal coming into the IOB.
Related violations: <none>

IOSR-1#5 Warning
IOB set reset sharing  
IO inputs_0[2] connects to flops which have these system_i/analyzer_clump_0/inst/ablock0/spi/miso_value[7]_i_1_n_0,
system_i/analyzer_clump_0/inst/ablock2/cnt/SR[0] set/reset signals.  For optimal IOB flop packing there should be only one set/reset signal coming into the IOB.
Related violations: <none>

IOSR-1#6 Warning
IOB set reset sharing  
IO inputs_0[5] connects to flops which have these system_i/analyzer_clump_0/inst/ablock1/spi/miso_value[7]_i_1__0_n_0,
system_i/analyzer_clump_0/inst/ablock2/cnt/SR[0] set/reset signals.  For optimal IOB flop packing there should be only one set/reset signal coming into the IOB.
Related violations: <none>

IOSR-1#7 Warning
IOB set reset sharing  
IO inputs_0[6] connects to flops which have these system_i/analyzer_clump_0/inst/ablock1/spi/miso_value[7]_i_1__0_n_0,
system_i/analyzer_clump_0/inst/ablock2/cnt/SR[0] set/reset signals.  For optimal IOB flop packing there should be only one set/reset signal coming into the IOB.
Related violations: <none>

IOSR-1#8 Warning
IOB set reset sharing  
IO inputs_0[9] connects to flops which have these system_i/analyzer_clump_0/inst/ablock2/spi/miso_value[7]_i_1__1_n_0,
system_i/analyzer_clump_0/inst/ablock2/cnt/SR[0] set/reset signals.  For optimal IOB flop packing there should be only one set/reset signal coming into the IOB.
Related violations: <none>

REQP-181#1 Advisory
writefirst  
Synchronous clocking is detected for BRAM (system_i/axi_fifo_mm_s_0/U0/COMP_IPIC2AXI_S/grxd.COMP_RX_FIFO/gfifo_gen.COMP_AXIS_FG_FIFO/COMP_FIFO/xpm_fifo_base_inst/gen_sdpram.xpm_memory_base_inst/gen_wr_a.gen_word_narrow.mem_reg) in SDP mode with WRITE_FIRST write-mode. This is the preferred mode for best power characteristics, however it may exhibit address collisions if the same address appears on both read and write ports resulting in unknown or corrupted read data. It is suggested to confirm via simulation that an address collision never occurs and if so it is suggested to try and avoid this situation. If address collisions cannot be avoided, the write-mode may be set to READ_FIRST which guarantees that the read data is the prior contents of the memory at the cost of additional power in the design. See the FPGA Memory Resources User Guide for additional information.
Related violations: <none>


