Copyright 1986-2020 Xilinx, Inc. All Rights Reserved.
-------------------------------------------------------------------------------------------
| Tool Version : Vivado v.2020.1 (win64) Build 2902540 Wed May 27 19:54:49 MDT 2020
| Date         : Tue Apr  7 10:00:37 2026
| Host         : DESKTOP-98T9PFJ running 64-bit major release  (build 9200)
| Command      : report_control_sets -verbose -file system_wrapper_control_sets_placed.rpt
| Design       : system_wrapper
| Device       : xc7a35t
-------------------------------------------------------------------------------------------

Control Set Information

Table of Contents
-----------------
1. Summary
2. Histogram
3. Flip-Flop Distribution
4. Detailed Control Set Information

1. Summary
----------

+----------------------------------------------------------+-------+
|                          Status                          | Count |
+----------------------------------------------------------+-------+
| Total control sets                                       |   112 |
|    Minimum number of control sets                        |   112 |
|    Addition due to synthesis replication                 |     0 |
|    Addition due to physical synthesis replication        |     0 |
| Unused register locations in slices containing registers |   294 |
+----------------------------------------------------------+-------+
* Control sets can be merged at opt_design using control_set_merge or merge_equivalent_drivers
** Run report_qor_suggestions for automated merging and remapping suggestions


2. Histogram
------------

+--------------------+-------+
|       Fanout       | Count |
+--------------------+-------+
| Total control sets |   112 |
| >= 0 to < 4        |    14 |
| >= 4 to < 6        |    15 |
| >= 6 to < 8        |     8 |
| >= 8 to < 10       |    13 |
| >= 10 to < 12      |     7 |
| >= 12 to < 14      |     2 |
| >= 14 to < 16      |     4 |
| >= 16              |    49 |
+--------------------+-------+
* Control sets can be remapped at either synth_design or opt_design


3. Flip-Flop Distribution
-------------------------

+--------------+-----------------------+------------------------+-----------------+--------------+
| Clock Enable | Synchronous Set/Reset | Asynchronous Set/Reset | Total Registers | Total Slices |
+--------------+-----------------------+------------------------+-----------------+--------------+
| No           | No                    | No                     |             264 |          100 |
| No           | No                    | Yes                    |              29 |            9 |
| No           | Yes                   | No                     |             666 |          231 |
| Yes          | No                    | No                     |             330 |           84 |
| Yes          | No                    | Yes                    |              15 |            8 |
| Yes          | Yes                   | No                     |            1322 |          365 |
+--------------+-----------------------+------------------------+-----------------+--------------+


4. Detailed Control Set Information
-----------------------------------

+--------------------------------------------------------------+----------------------------------------------------------------------------------------------------------------------------------------------------------------------------------------------------------+------------------------------------------------------------------------------------------------------------------------------------------------+------------------+----------------+--------------+
|                         Clock Signal                         |                                                                                               Enable Signal                                                                                              |                                                                Set/Reset Signal                                                                | Slice Load Count | Bel Load Count | Bels / Slice |
+--------------------------------------------------------------+----------------------------------------------------------------------------------------------------------------------------------------------------------------------------------------------------------+------------------------------------------------------------------------------------------------------------------------------------------------+------------------+----------------+--------------+
|  system_i/clk_wiz_1/inst/clk_out1                            |                                                                                                                                                                                                          | system_i/microblaze_0/U0/MicroBlaze_Core_I/Performance.Core/Use_Debug_Logic.Master_Core.Debug_Perf/capture_1                                   |                1 |              1 |         1.00 |
|  system_i/mdm_1/U0/No_Dbg_Reg_Access.BUFG_DRCK/Ext_JTAG_DRCK | system_i/mdm_1/U0/Use_E2.BSCAN_I/Use_BSCAN.PORT_Selector_reg[0]                                                                                                                                          | system_i/mdm_1/U0/MDM_Core_I1/JTAG_CONTROL_I/sel_with_scan_reset                                                                               |                1 |              1 |         1.00 |
|  system_i/mdm_1/U0/Ext_JTAG_UPDATE                           | system_i/microblaze_0/U0/MicroBlaze_Core_I/Performance.Core/Use_Debug_Logic.Master_Core.Debug_Perf/Control_Reg_En                                                                                        | system_i/microblaze_0/U0/MicroBlaze_Core_I/Performance.Core/Use_Debug_Logic.Master_Core.Debug_Perf/Serial_Dbg_Intf.continue_from_brk_reg_n_0   |                1 |              1 |         1.00 |
|  system_i/mdm_1/U0/Ext_JTAG_UPDATE                           | system_i/microblaze_0/U0/MicroBlaze_Core_I/Performance.Core/Use_Debug_Logic.Master_Core.Debug_Perf/Control_Reg_En                                                                                        | system_i/microblaze_0/U0/MicroBlaze_Core_I/Performance.Core/Use_Debug_Logic.Master_Core.Debug_Perf/Serial_Dbg_Intf.force_stop_cmd_i_reg_0      |                1 |              1 |         1.00 |
|  system_i/mdm_1/U0/Ext_JTAG_UPDATE                           | system_i/microblaze_0/U0/MicroBlaze_Core_I/Performance.Core/Use_Debug_Logic.Master_Core.Debug_Perf/Control_Reg_En                                                                                        | system_i/microblaze_0/U0/MicroBlaze_Core_I/Performance.Core/Use_Debug_Logic.Master_Core.Debug_Perf/Serial_Dbg_Intf.normal_stop_cmd_i_reg_n_0   |                1 |              1 |         1.00 |
|  system_i/mdm_1/U0/Ext_JTAG_UPDATE                           | system_i/microblaze_0/U0/MicroBlaze_Core_I/Performance.Core/Use_Debug_Logic.Master_Core.Debug_Perf/Control_Reg_En                                                                                        | system_i/microblaze_0/U0/MicroBlaze_Core_I/Performance.Core/Use_Debug_Logic.Master_Core.Debug_Perf/start_single_step_reg_n_0                   |                1 |              1 |         1.00 |
| ~system_i/mdm_1/U0/Ext_JTAG_UPDATE                           |                                                                                                                                                                                                          | system_i/mdm_1/U0/MDM_Core_I1/JTAG_CONTROL_I/sel_n                                                                                             |                1 |              1 |         1.00 |
| ~system_i/mdm_1/U0/No_Dbg_Reg_Access.BUFG_DRCK/Ext_JTAG_DRCK | system_i/mdm_1/U0/MDM_Core_I1/JTAG_CONTROL_I/Use_BSCAN.FDC_I/CE                                                                                                                                          | system_i/mdm_1/U0/MDM_Core_I1/JTAG_CONTROL_I/Use_BSCAN.FDC_I/D_1                                                                               |                1 |              1 |         1.00 |
|  system_i/clk_wiz_1/inst/clk_out1                            | system_i/analyzer_clump_0/inst/ablock2/trigger/E[0]                                                                                                                                                      |                                                                                                                                                |                1 |              2 |         2.00 |
|  system_i/mdm_1/U0/Ext_JTAG_UPDATE                           | system_i/microblaze_0/U0/MicroBlaze_Core_I/Performance.Core/Use_Debug_Logic.Master_Core.Debug_Perf/Command_Reg_En                                                                                        | system_i/microblaze_0/U0/MicroBlaze_Core_I/Performance.Core/Use_Debug_Logic.Master_Core.Debug_Perf/command_reg_clear                           |                1 |              2 |         2.00 |
|  system_i/clk_wiz_1/inst/clk_out1                            | system_i/microblaze_0/U0/MicroBlaze_Core_I/Performance.Core/Decode_I/Use_MuxCy[11].OF_Piperun_Stage/MUXCY_I/of_pause_reg                                                                                 |                                                                                                                                                |                1 |              2 |         2.00 |
|  system_i/mdm_1/U0/Ext_JTAG_UPDATE                           |                                                                                                                                                                                                          |                                                                                                                                                |                2 |              3 |         1.50 |
|  system_i/clk_wiz_1/inst/clk_out1                            |                                                                                                                                                                                                          | system_i/axi_fifo_mm_s_0/U0/COMP_IPIC2AXI_S/grxd.COMP_rx_len_fifo/xpm_fifo_base_inst/xpm_fifo_rst_inst/rst_i                                   |                1 |              3 |         3.00 |
|  system_i/clk_wiz_1/inst/clk_out1                            |                                                                                                                                                                                                          | system_i/axi_fifo_mm_s_0/U0/COMP_IPIC2AXI_S/grxd.COMP_RX_FIFO/gfifo_gen.COMP_AXIS_FG_FIFO/COMP_FIFO/xpm_fifo_base_inst/xpm_fifo_rst_inst/rst_i |                1 |              3 |         3.00 |
|  system_i/mdm_1/U0/Ext_JTAG_UPDATE                           | system_i/mdm_1/U0/MDM_Core_I1/MDM_SEL                                                                                                                                                                    | system_i/mdm_1/U0/Use_E2.BSCAN_I/AR[0]                                                                                                         |                1 |              4 |         4.00 |
|  system_i/clk_wiz_1/inst/clk_out1                            |                                                                                                                                                                                                          | system_i/rst_clk_wiz_1_100M/U0/bus_struct_reset[0]                                                                                             |                1 |              4 |         4.00 |
|  system_i/mdm_1/U0/Ext_JTAG_UPDATE                           | system_i/microblaze_0/U0/MicroBlaze_Core_I/Performance.Core/Use_Debug_Logic.Master_Core.Debug_Perf/Control_Reg_En                                                                                        |                                                                                                                                                |                3 |              4 |         1.33 |
| ~system_i/mdm_1/U0/Ext_JTAG_UPDATE                           |                                                                                                                                                                                                          | system_i/mdm_1/U0/Use_E2.BSCAN_I/AR[0]                                                                                                         |                1 |              4 |         4.00 |
|  system_i/clk_wiz_1/inst/clk_out1                            | system_i/analyzer_clump_0/inst/ablock0/i2c/current_byte_id[3]_i_1__2_n_0                                                                                                                                 | system_i/analyzer_clump_0/inst/ablock2/cnt/SR[0]                                                                                               |                1 |              4 |         4.00 |
|  system_i/clk_wiz_1/inst/clk_out1                            | system_i/analyzer_clump_0/inst/ablock2/i2c/current_byte_id                                                                                                                                               | system_i/analyzer_clump_0/inst/ablock2/cnt/SR[0]                                                                                               |                1 |              4 |         4.00 |
|  system_i/clk_wiz_1/inst/clk_out1                            | system_i/axi_uartlite_0/U0/AXI_LITE_IPIF_I/I_SLAVE_ATTACHMENT/start2                                                                                                                                     | system_i/axi_uartlite_0/U0/AXI_LITE_IPIF_I/I_SLAVE_ATTACHMENT/I_DECODER/cs_ce_clr                                                              |                1 |              4 |         4.00 |
|  system_i/clk_wiz_1/inst/clk_out1                            | system_i/axi_uartlite_0/U0/UARTLITE_CORE_I/BAUD_RATE_I/en_16x_Baud                                                                                                                                       |                                                                                                                                                |                1 |              4 |         4.00 |
|  system_i/clk_wiz_1/inst/clk_out1                            | system_i/analyzer_clump_0/inst/ablock1/i2c/current_byte_id                                                                                                                                               | system_i/analyzer_clump_0/inst/ablock2/cnt/SR[0]                                                                                               |                1 |              4 |         4.00 |
|  system_i/clk_wiz_1/inst/clk_out1                            | system_i/analyzer_clump_0/inst/ablock3/i2c/current_byte_id[3]_i_1__1_n_0                                                                                                                                 | system_i/analyzer_clump_0/inst/ablock2/cnt/SR[0]                                                                                               |                1 |              4 |         4.00 |
|  system_i/mdm_1/U0/No_Dbg_Reg_Access.BUFG_DRCK/Ext_JTAG_DRCK | system_i/mdm_1/U0/MDM_Core_I1/TDI_Shifter0                                                                                                                                                               | system_i/mdm_1/U0/Use_E2.BSCAN_I/AR[0]                                                                                                         |                1 |              4 |         4.00 |
|  system_i/clk_wiz_1/inst/clk_out1                            | system_i/microblaze_0/U0/MicroBlaze_Core_I/Performance.Core/Decode_I/wb_Halted                                                                                                                           | system_i/microblaze_0/U0/MicroBlaze_Core_I/sync_reset                                                                                          |                1 |              5 |         5.00 |
|  system_i/clk_wiz_1/inst/clk_out1                            |                                                                                                                                                                                                          | system_i/rst_clk_wiz_1_100M/U0/EXT_LPF/lpf_int                                                                                                 |                2 |              5 |         2.50 |
|  system_i/clk_wiz_1/inst/clk_out1                            |                                                                                                                                                                                                          | system_i/axi_fifo_mm_s_0/U0/COMP_IPIC2AXI_S/grxd.COMP_rx_len_fifo/xpm_fifo_base_inst/xpm_fifo_rst_inst/Q[0]                                    |                3 |              5 |         1.67 |
|  system_i/clk_wiz_1/inst/clk_out1                            | system_i/axi_fifo_mm_s_0/U0/COMP_IPIF/I_SLAVE_ATTACHMENT/bus2ip_addr_i[5]_i_1_n_0                                                                                                                        | system_i/axi_fifo_mm_s_0/U0/COMP_IPIF/I_SLAVE_ATTACHMENT/rst                                                                                   |                2 |              5 |         2.50 |
|  system_i/clk_wiz_1/inst/clk_out1                            |                                                                                                                                                                                                          | system_i/axi_uartlite_0/U0/UARTLITE_CORE_I/UARTLITE_RX_I/SRL_FIFO_I/I_SRL_FIFO_RBU_F/CNTR_INCR_DECR_ADDN_F_I/SS[0]                             |                2 |              6 |         3.00 |
|  system_i/mdm_1/U0/No_Dbg_Reg_Access.BUFG_DRCK/Ext_JTAG_DRCK | system_i/mdm_1/U0/Use_E2.BSCAN_I/E[0]                                                                                                                                                                    |                                                                                                                                                |                1 |              6 |         6.00 |
|  system_i/clk_wiz_1/inst/clk_out1                            |                                                                                                                                                                                                          | system_i/axi_uartlite_0/U0/UARTLITE_CORE_I/UARTLITE_TX_I/SRL_FIFO_I/I_SRL_FIFO_RBU_F/CNTR_INCR_DECR_ADDN_F_I/SS[0]                             |                2 |              6 |         3.00 |
|  system_i/mdm_1/U0/No_Dbg_Reg_Access.BUFG_DRCK/Ext_JTAG_DRCK | system_i/mdm_1/U0/Use_E2.BSCAN_I/Use_BSCAN.command_reg[5][0]                                                                                                                                             |                                                                                                                                                |                1 |              6 |         6.00 |
|  system_i/mdm_1/U0/No_Dbg_Reg_Access.BUFG_DRCK/Ext_JTAG_DRCK | system_i/mdm_1/U0/MDM_Core_I1/JTAG_CONTROL_I/Use_BSCAN.FDC_I/Use_BSCAN.command_reg[5][0]                                                                                                                 |                                                                                                                                                |                1 |              6 |         6.00 |
|  system_i/clk_wiz_1/inst/clk_out1                            | system_i/rst_clk_wiz_1_100M/U0/SEQ/seq_cnt_en                                                                                                                                                            | system_i/rst_clk_wiz_1_100M/U0/SEQ/SEQ_COUNTER/clear                                                                                           |                1 |              6 |         6.00 |
|  system_i/clk_wiz_1/inst/clk_out1                            |                                                                                                                                                                                                          | system_i/axi_fifo_mm_s_0/U0/COMP_IPIF/I_SLAVE_ATTACHMENT/rst                                                                                   |                2 |              7 |         3.50 |
|  system_i/clk_wiz_1/inst/clk_out1                            | system_i/axi_uartlite_0/U0/UARTLITE_CORE_I/BAUD_RATE_I/en_16x_Baud                                                                                                                                       | system_i/axi_uartlite_0/U0/UARTLITE_CORE_I/UARTLITE_RX_I/SERIAL_TO_PARALLEL[8].fifo_din[8]_i_1_n_0                                             |                1 |              7 |         7.00 |
| ~system_i/mdm_1/U0/Ext_JTAG_UPDATE                           | system_i/mdm_1/U0/MDM_Core_I1/JTAG_CONTROL_I/Use_BSCAN.command[0]_i_1_n_0                                                                                                                                |                                                                                                                                                |                2 |              8 |         4.00 |
|  system_i/clk_wiz_1/inst/clk_out1                            | system_i/axi_uartlite_0/U0/AXI_LITE_IPIF_I/I_SLAVE_ATTACHMENT/s_axi_rresp_i                                                                                                                              | system_i/axi_uartlite_0/U0/AXI_LITE_IPIF_I/I_SLAVE_ATTACHMENT/rst                                                                              |                3 |              8 |         2.67 |
|  system_i/clk_wiz_1/inst/clk_out1                            | system_i/analyzer_clump_0/inst/ablock2/buf_manager/triggered_reg[0]                                                                                                                                      | system_i/analyzer_clump_0/inst/ablock2/cnt/SR[0]                                                                                               |                2 |              8 |         4.00 |
|  system_i/clk_wiz_1/inst/clk_out1                            | system_i/axi_uartlite_0/U0/UARTLITE_CORE_I/UARTLITE_RX_I/SRL_FIFO_I/I_SRL_FIFO_RBU_F/DYNSHREG_F_I/fifo_wr                                                                                                |                                                                                                                                                |                1 |              8 |         8.00 |
|  system_i/clk_wiz_1/inst/clk_out1                            | system_i/analyzer_clump_0/inst/rd_advance_reg_n_0                                                                                                                                                        | system_i/analyzer_clump_0/inst/ablock2/cnt/SR[0]                                                                                               |                2 |              8 |         4.00 |
|  system_i/clk_wiz_1/inst/clk_out1                            | system_i/analyzer_clump_0/inst/ablock0/buf_manager/triggered_reg[0]                                                                                                                                      | system_i/analyzer_clump_0/inst/ablock2/cnt/SR[0]                                                                                               |                2 |              8 |         4.00 |
|  system_i/clk_wiz_1/inst/clk_out1                            | system_i/analyzer_clump_0/inst/ablock2/buf_manager/priority_mask_reg[2][0]                                                                                                                               | system_i/analyzer_clump_0/inst/ablock2/cnt/SR[0]                                                                                               |                2 |              8 |         4.00 |
|  system_i/mdm_1/U0/Ext_JTAG_UPDATE                           | system_i/mdm_1/U0/MDM_Core_I1/JTAG_CONTROL_I/Use_BSCAN.FDC_I/Use_BSCAN.PORT_Selector_reg[2][0]                                                                                                           |                                                                                                                                                |                1 |              8 |         8.00 |
|  system_i/mdm_1/U0/No_Dbg_Reg_Access.BUFG_DRCK/Ext_JTAG_DRCK | system_i/mdm_1/U0/MDM_Core_I1/JTAG_CONTROL_I/tdi_shifter0                                                                                                                                                |                                                                                                                                                |                2 |              8 |         4.00 |
|  system_i/clk_wiz_1/inst/clk_out1                            | system_i/analyzer_clump_0/inst/ablock1/buf_manager/E[0]                                                                                                                                                  | system_i/analyzer_clump_0/inst/ablock2/cnt/SR[0]                                                                                               |                2 |              8 |         4.00 |
|  system_i/mdm_1/U0/No_Dbg_Reg_Access.BUFG_DRCK/Ext_JTAG_DRCK | system_i/microblaze_0/U0/MicroBlaze_Core_I/Performance.Core/Use_Debug_Logic.Master_Core.Debug_Perf/Using_PC_Breakpoints.All_PC_Brks[0].Serial_Interface_1.address_hit_I/Compare[0].SRLC16E_I/which_pc__0 |                                                                                                                                                |                7 |              8 |         1.14 |
|  system_i/clk_wiz_1/inst/clk_out1                            | system_i/analyzer_clump_0/inst/ablock0/trigger/E[0]                                                                                                                                                      | system_i/analyzer_clump_0/inst/ablock2/cnt/SR[0]                                                                                               |                3 |              8 |         2.67 |
|  system_i/clk_wiz_1/inst/clk_out1                            | system_i/axi_uartlite_0/U0/AXI_LITE_IPIF_I/I_SLAVE_ATTACHMENT/I_DECODER/fifo_wr                                                                                                                          |                                                                                                                                                |                1 |              8 |         8.00 |
|  system_i/clk_wiz_1/inst/clk_out1                            |                                                                                                                                                                                                          | system_i/axi_uartlite_0/U0/AXI_LITE_IPIF_I/I_SLAVE_ATTACHMENT/rst                                                                              |                4 |             10 |         2.50 |
|  system_i/clk_wiz_1/inst/clk_out1                            | system_i/analyzer_clump_0/inst/ablock0/i2c/acquire_val0                                                                                                                                                  | system_i/analyzer_clump_0/inst/ablock2/cnt/SR[0]                                                                                               |                2 |             10 |         5.00 |
|  system_i/clk_wiz_1/inst/clk_out1                            | system_i/analyzer_clump_0/inst/ablock1/i2c/acquire_val0                                                                                                                                                  | system_i/analyzer_clump_0/inst/ablock2/cnt/SR[0]                                                                                               |                2 |             10 |         5.00 |
|  system_i/clk_wiz_1/inst/clk_out1                            | system_i/analyzer_clump_0/inst/ablock2/i2c/acquire_val0                                                                                                                                                  | system_i/analyzer_clump_0/inst/ablock2/cnt/SR[0]                                                                                               |                3 |             10 |         3.33 |
|  system_i/clk_wiz_1/inst/clk_out1                            | system_i/analyzer_clump_0/inst/ablock3/i2c/acquire_val0                                                                                                                                                  | system_i/analyzer_clump_0/inst/ablock2/cnt/SR[0]                                                                                               |                3 |             10 |         3.33 |
|  system_i/mdm_1/U0/No_Dbg_Reg_Access.BUFG_DRCK/Ext_JTAG_DRCK | system_i/mdm_1/U0/MDM_Core_I1/JTAG_CONTROL_I/Use_BSCAN.FDC_I/E[0]                                                                                                                                        |                                                                                                                                                |                4 |             10 |         2.50 |
|  system_i/clk_wiz_1/inst/clk_out1                            |                                                                                                                                                                                                          | system_i/microblaze_0_axi_periph/xbar/inst/gen_sasd.crossbar_sasd_0/addr_arbiter_inst/SR[0]                                                    |                3 |             11 |         3.67 |
|  system_i/clk_wiz_1/inst/clk_out1                            | system_i/axi_fifo_mm_s_0/U0/COMP_IPIF/I_SLAVE_ATTACHMENT/start2                                                                                                                                          | system_i/axi_fifo_mm_s_0/U0/COMP_IPIC2AXI_S/cs_ce_clr                                                                                          |                6 |             13 |         2.17 |
|  system_i/clk_wiz_1/inst/clk_out1                            | system_i/axi_fifo_mm_s_0/U0/COMP_IPIF/I_SLAVE_ATTACHMENT/I_DECODER/E[0]                                                                                                                                  | system_i/axi_fifo_mm_s_0/U0/COMP_IPIC2AXI_S/sig_Bus2IP_Reset                                                                                   |                4 |             13 |         3.25 |
|  system_i/clk_wiz_1/inst/clk_out1                            | system_i/axi_fifo_mm_s_0/U0/COMP_IPIC2AXI_S/grxd.COMP_rx_len_fifo/xpm_fifo_base_inst/xpm_fifo_rst_inst/E[0]                                                                                              | system_i/axi_fifo_mm_s_0/U0/COMP_IPIC2AXI_S/grxd.COMP_rx_len_fifo/xpm_fifo_base_inst/xpm_fifo_rst_inst/Q[0]                                    |                4 |             14 |         3.50 |
|  system_i/clk_wiz_1/inst/clk_out1                            | system_i/axi_fifo_mm_s_0/U0/COMP_IPIC2AXI_S/grxd.COMP_rx_len_fifo/xpm_fifo_base_inst/rdp_inst/enb                                                                                                        | system_i/axi_fifo_mm_s_0/U0/COMP_IPIC2AXI_S/grxd.COMP_rx_len_fifo/xpm_fifo_base_inst/xpm_fifo_rst_inst/Q[0]                                    |                4 |             14 |         3.50 |
|  system_i/clk_wiz_1/inst/clk_out1                            |                                                                                                                                                                                                          | system_i/axi_fifo_mm_s_0/U0/COMP_IPIC2AXI_S/sig_Bus2IP_Reset                                                                                   |                7 |             15 |         2.14 |
|  system_i/clk_wiz_1/inst/clk_out1                            | system_i/microblaze_0_axi_periph/xbar/inst/gen_sasd.crossbar_sasd_0/reg_slice_r/aa_rready                                                                                                                |                                                                                                                                                |                5 |             15 |         3.00 |
|  system_i/clk_wiz_1/inst/clk_out1                            | system_i/analyzer_clump_0/inst/ablock3/spi/miso_value_0                                                                                                                                                  | system_i/analyzer_clump_0/inst/ablock3/spi/miso_value[7]_i_1__2_n_0                                                                            |                3 |             16 |         5.33 |
|  system_i/clk_wiz_1/inst/clk_out1                            | system_i/analyzer_clump_0/inst/ablock3/spi/acquire_data[15]_i_1__2_n_0                                                                                                                                   |                                                                                                                                                |                3 |             16 |         5.33 |
|  system_i/clk_wiz_1/inst/clk_out1                            | system_i/analyzer_clump_0/inst/ablock2/spi/acquire_data[15]_i_1__1_n_0                                                                                                                                   |                                                                                                                                                |                4 |             16 |         4.00 |
|  system_i/clk_wiz_1/inst/clk_out1                            | system_i/microblaze_0/U0/MicroBlaze_Core_I/Performance.Core/Decode_I/PreFetch_Buffer_I1/OF_Valid_DFF/E[0]                                                                                                | system_i/microblaze_0/U0/MicroBlaze_Core_I/sync_reset                                                                                          |                5 |             16 |         3.20 |
|  system_i/clk_wiz_1/inst/clk_out1                            | system_i/analyzer_clump_0/inst/ablock1/spi/miso_value_0                                                                                                                                                  | system_i/analyzer_clump_0/inst/ablock1/spi/miso_value[7]_i_1__0_n_0                                                                            |                3 |             16 |         5.33 |
|  system_i/clk_wiz_1/inst/clk_out1                            | system_i/analyzer_clump_0/inst/ablock1/spi/acquire_data[15]_i_1__0_n_0                                                                                                                                   |                                                                                                                                                |                3 |             16 |         5.33 |
|  system_i/clk_wiz_1/inst/clk_out1                            | system_i/analyzer_clump_0/inst/ablock0/spi/miso_value_0                                                                                                                                                  | system_i/analyzer_clump_0/inst/ablock0/spi/miso_value[7]_i_1_n_0                                                                               |                2 |             16 |         8.00 |
|  system_i/clk_wiz_1/inst/clk_out1                            | system_i/analyzer_clump_0/inst/ablock2/spi/miso_value_0                                                                                                                                                  | system_i/analyzer_clump_0/inst/ablock2/spi/miso_value[7]_i_1__1_n_0                                                                            |                3 |             16 |         5.33 |
|  system_i/clk_wiz_1/inst/clk_out1                            | system_i/analyzer_clump_0/inst/ablock0/spi/acquire_data[15]_i_1_n_0                                                                                                                                      |                                                                                                                                                |                3 |             16 |         5.33 |
|  system_i/clk_wiz_1/inst/clk_out1                            | system_i/axi_fifo_mm_s_0/U0/COMP_IPIC2AXI_S/grxd.COMP_RX_FIFO/gfifo_gen.COMP_AXIS_FG_FIFO/COMP_FIFO/xpm_fifo_base_inst/xpm_fifo_rst_inst/ram_wr_en_pf                                                    | system_i/axi_fifo_mm_s_0/U0/COMP_IPIC2AXI_S/grxd.COMP_RX_FIFO/gfifo_gen.COMP_AXIS_FG_FIFO/COMP_FIFO/xpm_fifo_base_inst/xpm_fifo_rst_inst/Q[0]  |                5 |             19 |         3.80 |
|  system_i/clk_wiz_1/inst/clk_out1                            | system_i/axi_fifo_mm_s_0/U0/COMP_IPIC2AXI_S/grxd.COMP_RX_FIFO/gfifo_gen.COMP_AXIS_FG_FIFO/COMP_FIFO/xpm_fifo_base_inst/rdp_inst/FSM_sequential_gen_fwft.curr_fwft_state_reg[1]                           | system_i/axi_fifo_mm_s_0/U0/COMP_IPIC2AXI_S/grxd.COMP_RX_FIFO/gfifo_gen.COMP_AXIS_FG_FIFO/COMP_FIFO/xpm_fifo_base_inst/xpm_fifo_rst_inst/Q[0]  |                6 |             19 |         3.17 |
|  system_i/clk_wiz_1/inst/clk_out1                            | system_i/microblaze_0_axi_periph/xbar/inst/gen_sasd.crossbar_sasd_0/addr_arbiter_inst/p_0_in1_in                                                                                                         | system_i/microblaze_0_axi_periph/xbar/inst/gen_sasd.crossbar_sasd_0/addr_arbiter_inst/SR[0]                                                    |                3 |             20 |         6.67 |
|  system_i/clk_wiz_1/inst/clk_out1                            | system_i/microblaze_0/U0/MicroBlaze_Core_I/Performance.Core/Decode_I/mem_wait_on_ready_N_carry_or/MUXCY_I/lopt_1                                                                                         | system_i/microblaze_0/U0/MicroBlaze_Core_I/sync_reset                                                                                          |                7 |             20 |         2.86 |
|  system_i/clk_wiz_1/inst/clk_out1                            | system_i/axi_fifo_mm_s_0/U0/COMP_IPIC2AXI_S/grxd.COMP_RX_FIFO/gfifo_gen.COMP_AXIS_FG_FIFO/E[0]                                                                                                           | system_i/axi_fifo_mm_s_0/U0/COMP_IPIC2AXI_S/grxd.COMP_RX_FIFO/gfifo_gen.COMP_AXIS_FG_FIFO/SR[0]                                                |                4 |             21 |         5.25 |
|  system_i/clk_wiz_1/inst/clk_out1                            | system_i/axi_fifo_mm_s_0/U0/COMP_IPIC2AXI_S/grxd.COMP_rx_len_fifo/xpm_fifo_base_inst/gen_fwft.ram_regout_en                                                                                              | system_i/axi_fifo_mm_s_0/U0/COMP_IPIC2AXI_S/grxd.COMP_rx_len_fifo/xpm_fifo_base_inst/xpm_fifo_rst_inst/Q[0]                                    |                7 |             22 |         3.14 |
|  system_i/mdm_1/U0/No_Dbg_Reg_Access.BUFG_DRCK/Ext_JTAG_DRCK |                                                                                                                                                                                                          | system_i/mdm_1/U0/Use_E2.BSCAN_I/shift_n_reset                                                                                                 |                6 |             23 |         3.83 |
|  system_i/clk_wiz_1/inst/clk_out1                            |                                                                                                                                                                                                          | system_i/axi_uartlite_0/U0/UARTLITE_CORE_I/UARTLITE_RX_I/ACTIVE_LOW_PR_OUT_DFF[0].FDRE_PER_N                                                   |                9 |             26 |         2.89 |
|  system_i/clk_wiz_1/inst/clk_out1                            | system_i/axi_uartlite_0/U0/UARTLITE_CORE_I/BAUD_RATE_I/en_16x_Baud                                                                                                                                       | system_i/axi_uartlite_0/U0/UARTLITE_CORE_I/UARTLITE_RX_I/ACTIVE_LOW_PR_OUT_DFF[0].FDRE_PER_N                                                   |                6 |             28 |         4.67 |
|  system_i/clk_wiz_1/inst/clk_out1                            | system_i/axi_fifo_mm_s_0/U0/COMP_IPIC2AXI_S/grxd.COMP_rx_len_fifo/xpm_fifo_base_inst/gen_sdpram.xpm_memory_base_inst/gen_wr_a.gen_word_narrow.mem_reg_0_63_0_2_i_1_n_0                                   |                                                                                                                                                |                8 |             30 |         3.75 |
|  system_i/clk_wiz_1/inst/clk_out1                            | system_i/axi_fifo_mm_s_0/U0/COMP_IPIC2AXI_S/grxd.COMP_rx_len_fifo/xpm_fifo_base_inst/gen_sdpram.xpm_memory_base_inst/gen_wr_a.gen_word_narrow.mem_reg_64_127_0_2_i_1_n_0                                 |                                                                                                                                                |                8 |             30 |         3.75 |
|  system_i/clk_wiz_1/inst/clk_out1                            | system_i/microblaze_0/U0/MicroBlaze_Core_I/Performance.Core/Decode_I/PreFetch_Buffer_I1/Gen_Mux_Select_LUT6[2].Gen_Sel_DFF/Using_FPGA.Native_1[0]                                                        | system_i/microblaze_0/U0/MicroBlaze_Core_I/sync_reset                                                                                          |                7 |             32 |         4.57 |
|  system_i/clk_wiz_1/inst/clk_out1                            | system_i/microblaze_0_axi_periph/xbar/inst/gen_sasd.crossbar_sasd_0/addr_arbiter_inst/s_axi_rvalid[0]                                                                                                    | system_i/microblaze_0/U0/MicroBlaze_Core_I/sync_reset                                                                                          |                9 |             32 |         3.56 |
|  system_i/clk_wiz_1/inst/clk_out1                            |                                                                                                                                                                                                          | system_i/microblaze_0/U0/MicroBlaze_Core_I/Performance.Core/wb_dlmb_valid_read_data0                                                           |               10 |             32 |         3.20 |
|  system_i/clk_wiz_1/inst/clk_out1                            | system_i/microblaze_0/U0/MicroBlaze_Core_I/Performance.Core/Decode_I/Use_MuxCy[3].OF_Piperun_Stage/MUXCY_I/Using_FPGA.Native_0                                                                           | system_i/microblaze_0/U0/MicroBlaze_Core_I/Performance.Core/Decode_I/R                                                                         |               12 |             32 |         2.67 |
|  system_i/clk_wiz_1/inst/clk_out1                            | system_i/microblaze_0/U0/MicroBlaze_Core_I/Performance.Core/Decode_I/Use_MuxCy[3].OF_Piperun_Stage/MUXCY_I/E[0]                                                                                          | system_i/microblaze_0/U0/MicroBlaze_Core_I/sync_reset                                                                                          |                6 |             32 |         5.33 |
|  system_i/clk_wiz_1/inst/clk_out1                            | system_i/microblaze_0/U0/MicroBlaze_Core_I/Performance.Core/Decode_I/mem_wait_on_ready_N_carry_or/MUXCY_I/lopt_1                                                                                         |                                                                                                                                                |                8 |             32 |         4.00 |
|  system_i/clk_wiz_1/inst/clk_out1                            | system_i/microblaze_0/U0/MicroBlaze_Core_I/Performance.Core/Decode_I/mem_wait_on_ready_N_carry_or/MUXCY_I/lopt_1                                                                                         | system_i/microblaze_0/U0/MicroBlaze_Core_I/Performance.Core/Decode_I/SR[0]                                                                     |               14 |             32 |         2.29 |
|  system_i/clk_wiz_1/inst/clk_out1                            | system_i/axi_fifo_mm_s_0/U0/COMP_IPIF/I_SLAVE_ATTACHMENT/s_axi_rresp_i                                                                                                                                   | system_i/axi_fifo_mm_s_0/U0/COMP_IPIF/I_SLAVE_ATTACHMENT/rst                                                                                   |                6 |             32 |         5.33 |
|  system_i/clk_wiz_1/inst/clk_out1                            | system_i/analyzer_clump_0/inst/m_axis_tdata[31]_i_1_n_0                                                                                                                                                  | system_i/analyzer_clump_0/inst/ablock2/cnt/SR[0]                                                                                               |               10 |             32 |         3.20 |
|  system_i/clk_wiz_1/inst/clk_out1                            | system_i/microblaze_0/U0/MicroBlaze_Core_I/Performance.Core/Use_Debug_Logic.Master_Core.Debug_Perf/data_rd_reg[0]_i_1_n_0                                                                                | system_i/microblaze_0/U0/MicroBlaze_Core_I/sync_reset                                                                                          |               10 |             32 |         3.20 |
|  system_i/mdm_1/U0/No_Dbg_Reg_Access.BUFG_DRCK/Ext_JTAG_DRCK | system_i/microblaze_0/U0/MicroBlaze_Core_I/Performance.Core/Use_Debug_Logic.Master_Core.Debug_Perf/New_Dbg_Instr_TCK                                                                                     |                                                                                                                                                |                7 |             32 |         4.57 |
|  system_i/clk_wiz_1/inst/clk_out1                            | system_i/microblaze_0_axi_periph/xbar/inst/gen_sasd.crossbar_sasd_0/addr_arbiter_inst/E[0]                                                                                                               |                                                                                                                                                |                6 |             33 |         5.50 |
|  system_i/clk_wiz_1/inst/clk_out1                            |                                                                                                                                                                                                          | system_i/axi_fifo_mm_s_0/U0/COMP_IPIF/I_SLAVE_ATTACHMENT/I_DECODER/SR[0]                                                                       |               14 |             34 |         2.43 |
|  system_i/clk_wiz_1/inst/clk_out1                            |                                                                                                                                                                                                          | system_i/axi_fifo_mm_s_0/U0/COMP_IPIC2AXI_S/grxd.COMP_RX_FIFO/gfifo_gen.COMP_AXIS_FG_FIFO/COMP_FIFO/xpm_fifo_base_inst/xpm_fifo_rst_inst/Q[0]  |               13 |             40 |         3.08 |
|  system_i/clk_wiz_1/inst/clk_out1                            | system_i/axi_fifo_mm_s_0/U0/COMP_IPIC2AXI_S/grxd.COMP_rx_len_fifo/xpm_fifo_base_inst/rdp_inst/enb                                                                                                        |                                                                                                                                                |               17 |             45 |         2.65 |
|  system_i/mdm_1/U0/No_Dbg_Reg_Access.BUFG_DRCK/Ext_JTAG_DRCK | system_i/mdm_1/U0/Use_E2.BSCAN_I/Use_BSCAN.PORT_Selector_reg[0]                                                                                                                                          |                                                                                                                                                |               10 |             47 |         4.70 |
|  system_i/clk_wiz_1/inst/clk_out1                            | system_i/microblaze_0/U0/MicroBlaze_Core_I/Performance.Core/Decode_I/Use_MuxCy[3].OF_Piperun_Stage/MUXCY_I/Using_FPGA.Native_0                                                                           | system_i/microblaze_0/U0/MicroBlaze_Core_I/sync_reset                                                                                          |               22 |             65 |         2.95 |
|  system_i/clk_wiz_1/inst/clk_out1                            | system_i/analyzer_clump_0/inst/ablock0/buf_manager/triggered_reg_0[0]                                                                                                                                    | system_i/analyzer_clump_0/inst/ablock2/cnt/SR[0]                                                                                               |               36 |             72 |         2.00 |
|  system_i/clk_wiz_1/inst/clk_out1                            | system_i/analyzer_clump_0/inst/ablock2/spi/E[0]                                                                                                                                                          | system_i/analyzer_clump_0/inst/ablock2/cnt/SR[0]                                                                                               |               15 |             72 |         4.80 |
|  system_i/clk_wiz_1/inst/clk_out1                            | system_i/analyzer_clump_0/inst/ablock1/gpio/E[0]                                                                                                                                                         | system_i/analyzer_clump_0/inst/ablock2/cnt/SR[0]                                                                                               |               12 |             72 |         6.00 |
|  system_i/clk_wiz_1/inst/clk_out1                            | system_i/analyzer_clump_0/inst/ablock0/gpio/E[0]                                                                                                                                                         | system_i/analyzer_clump_0/inst/ablock2/cnt/SR[0]                                                                                               |               14 |             72 |         5.14 |
|  system_i/clk_wiz_1/inst/clk_out1                            | system_i/analyzer_clump_0/inst/ablock3/spi/E[0]                                                                                                                                                          | system_i/analyzer_clump_0/inst/ablock2/cnt/SR[0]                                                                                               |               13 |             72 |         5.54 |
|  system_i/clk_wiz_1/inst/clk_out1                            | system_i/microblaze_0/U0/MicroBlaze_Core_I/Performance.Core/Decode_I/PreFetch_Buffer_I1/Instruction_Prefetch_Mux[42].Instr_Mux_MUXF7/Performance_Debug_Control.dbg_freeze_nohalt_reg                     |                                                                                                                                                |               10 |             75 |         7.50 |
|  system_i/mdm_1/U0/No_Dbg_Reg_Access.BUFG_DRCK/Ext_JTAG_DRCK |                                                                                                                                                                                                          |                                                                                                                                                |               25 |             80 |         3.20 |
|  system_i/clk_wiz_1/inst/clk_out1                            | system_i/microblaze_0/U0/MicroBlaze_Core_I/Performance.Core/Decode_I/Performance_Debug_Control.dbg_state_nohalt_reg[32]                                                                                  |                                                                                                                                                |               16 |            128 |         8.00 |
|  system_i/clk_wiz_1/inst/clk_out1                            |                                                                                                                                                                                                          | system_i/microblaze_0/U0/MicroBlaze_Core_I/sync_reset                                                                                          |               62 |            149 |         2.40 |
|  system_i/clk_wiz_1/inst/clk_out1                            |                                                                                                                                                                                                          |                                                                                                                                                |               78 |            198 |         2.54 |
|  system_i/clk_wiz_1/inst/clk_out1                            | system_i/microblaze_0/U0/MicroBlaze_Core_I/Performance.Core/Decode_I/Use_MuxCy[11].OF_Piperun_Stage/MUXCY_I/of_pause_reg                                                                                 | system_i/microblaze_0/U0/MicroBlaze_Core_I/sync_reset                                                                                          |               70 |            218 |         3.11 |
|  system_i/clk_wiz_1/inst/clk_out1                            |                                                                                                                                                                                                          | system_i/analyzer_clump_0/inst/ablock2/cnt/SR[0]                                                                                               |               95 |            310 |         3.26 |
+--------------------------------------------------------------+----------------------------------------------------------------------------------------------------------------------------------------------------------------------------------------------------------+------------------------------------------------------------------------------------------------------------------------------------------------+------------------+----------------+--------------+


